  1 two= 30( 71.8s) single= 28( 1.4s) single⊆two=True  only_two=2 only_single=0
  2 two=  9( 65.0s) single=  9( 8.1s) single⊆two=True  only_two=0 only_single=0
  3 two= 53(104.4s) single= 28( 8.7s) single⊆two=False only_two=21 only_single=2
  4 two=  5( 74.5s) single=  5( 1.0s) single⊆two=True  only_two=0 only_single=0
  5 two= 17( 88.1s) single= 17( 2.6s) single⊆two=True  only_two=0 only_single=0
  6 two=  8( 51.3s) single=  8( 1.0s) single⊆two=True  only_two=0 only_single=0
  7 two= 13( 68.5s) single= 12( 1.1s) single⊆two=True  only_two=1 only_single=0
  8 two= 14( 17.2s) single= 12( 2.1s) single⊆two=True  only_two=2 only_single=0
  9 two= 10( 14.5s) single= 10( 2.4s) single⊆two=True  only_two=0 only_single=0
 10 two= 11( 38.4s) single= 11( 8.3s) single⊆two=True  only_two=0 only_single=0
 11 two= 16( 59.0s) single= 16( 1.7s) single⊆two=True  only_two=0 only_single=0
 12 two= 14( 90.4s) single= 13( 1.0s) single⊆two=True  only_two=1 only_single=0
 13 two= 13( 90.9s) single= 12( 1.0s) single⊆two=True  only_two=1 only_single=0
 14 two=  8( 50.5s) single=  8( 1.1s) single⊆two=True  only_two=0 only_single=0
 15 two= 11( 89.7s) single= 10( 1.4s) single⊆two=True  only_two=1 only_single=0
 16 two=  8( 66.9s) single=  8( 8.0s) single⊆two=True  only_two=0 only_single=0
 17 two=  8( 66.8s) single=  8( 1.0s) single⊆two=True  only_two=0 only_single=0
 18 two= 13( 10.6s) single= 13( 1.1s) single⊆two=True  only_two=0 only_single=0
 19 two= 17( 14.1s) single= 17( 1.0s) single⊆two=True  only_two=0 only_single=0
 20 two= 13( 14.5s) single= 12( 1.0s) single⊆two=True  only_two=1 only_single=0
 21 two= 14( 15.4s) single= 12( 1.0s) single⊆two=True  only_two=2 only_single=0
 22 two= 11( 13.4s) single= 11( 1.0s) single⊆two=True  only_two=0 only_single=0
 23 two=  8(  9.5s) single=  8( 1.0s) single⊆two=True  only_two=0 only_single=0
 24 two=  5( 16.4s) single=  5( 1.1s) single⊆two=True  only_two=0 only_single=0
 25 two= 18( 14.3s) single= 17( 1.1s) single⊆two=True  only_two=1 only_single=0
 26 two=  8( 12.4s) single=  8( 1.0s) single⊆two=True  only_two=0 only_single=0
 27 two= 12( 14.8s) single= 12( 1.1s) single⊆two=True  only_two=0 only_single=0
 28 two=  9( 12.6s) single=  9( 1.0s) single⊆two=True  only_two=0 only_single=0
 29 two= 16( 14.0s) single= 16( 1.0s) single⊆two=True  only_two=0 only_single=0
 30 two= 14( 15.7s) single= 13( 1.1s) single⊆two=True  only_two=1 only_single=0
 31 two= 12( 14.7s) single= 12( 1.0s) single⊆two=True  only_two=0 only_single=0

=== 31/31 compared, gemma4:26b ===
  identical block          20/31
  single-pass ⊆ two-pass   30/31   <- the core survives; two-pass only ADDS
  mean options  two=13.5  single=12.3
  mean latency  two=41.9s  single=2.1s

  options ONLY the two-pass run adds (the unpriced extras):
     5x  NMD
     3x  UniProt
     2x  DosageSensitivity
     2x  Filter by frequency
     2x  Return results for variants in coding regions only
     2x  ClinVar clinical significance
     1x  gnomAD structural variant frequencies
     1x  Ancestral allele
     1x  BLOSUM62 substitution score
     1x  CCDS

  options ONLY the single-pass run has (should be empty):
     1x  Pathogenicity predictors: AlphaMissense, CADD, EVE
     1x  Splice-effect predictors: SpliceAI
ALLDONE
