150 cases x 4 test types = 600 queries -> evidence/current_evidence/results/factors_150_tricky_cases_list.csv
full tuples covered (trap+twin): 32 of 32 valid; uses per tuple min 9 max 11
  ... 40/600 calls
  ... 80/600 calls
  ... 120/600 calls
  ... 160/600 calls
  ... 200/600 calls
  ... 240/600 calls
  ... 280/600 calls
  ... 320/600 calls
  ... 360/600 calls
  ... 400/600 calls
  ... 440/600 calls
  ... 480/600 calls
  ... 520/600 calls
  ... 560/600 calls
  ... 600/600 calls
  spec-nega-1      ++x+  twin=human
  spec-nega-2      ++++  
  spec-nega-3      ++++  
  spec-nega-4      ++++  
  spec-nega-5      ++++  
  spec-nega-6      ++++  
  spec-word-1      ++x+  twin=unstated
  spec-word-2      ++++  
  spec-word-3      ++x+  twin=unstated
  spec-word-4      +x++  trap=human
  spec-word-5      +x++  trap=human
  spec-word-6      ++++  
  spec-tool-1      ++++  
  spec-tool-2      ++++  
  spec-tool-3      ++x+  twin=unstated
  spec-tool-4      ++++  
  spec-tool-5      +x++  trap=human
  spec-tool-6      x+++  plain=human
  spec-atta-1      ++++  
  spec-atta-2      ++++  
  spec-atta-3      ++++  
  spec-atta-4      +x++  trap=human
  spec-atta-5      ++++  
  spec-atta-6      ++++  
  spec-doma-1      ++x+  twin=human
  spec-doma-2      +xx+  trap=unstated  twin=unstated
  spec-doma-3      ++++  
  spec-doma-4      x+++  plain=human
  spec-doma-5      +x++  trap=human
  spec-doma-6      +x++  trap=unstated
  orig-nega-1      ++++  
  orig-nega-2      ++++  
  orig-nega-3      ++++  
  orig-nega-4      ++++  
  orig-nega-5      ++++  
  orig-nega-6      ++++  
  orig-word-1      ++++  
  orig-word-2      ++++  
  orig-word-3      +++x  absent=germline
  orig-word-4      ++++  
  orig-word-5      ++++  
  orig-word-6      +++x  absent=germline
  orig-tool-1      ++++  
  orig-tool-2      ++++  
  orig-tool-3      ++++  
  orig-tool-4      ++++  
  orig-tool-5      ++++  
  orig-tool-6      ++++  
  orig-atta-1      ++++  
  orig-atta-2      ++++  
  orig-atta-3      ++++  
  orig-atta-4      ++++  
  orig-atta-5      ++++  
  orig-atta-6      ++++  
  orig-doma-1      ++++  
  orig-doma-2      ++++  
  orig-doma-3      +++x  absent=germline
  orig-doma-4      ++++  
  orig-doma-5      ++++  
  orig-doma-6      +x++  trap=somatic
  vari-nega-1      ++++  
  vari-nega-2      ++++  
  vari-nega-3      ++++  
  vari-nega-4      ++++  
  vari-nega-5      ++++  
  vari-nega-6      ++++  
  vari-word-1      +x++  trap=['small', 'structural-CNV']
  vari-word-2      ++++  
  vari-word-3      ++++  
  vari-word-4      ++++  
  vari-word-5      ++++  
  vari-word-6      ++++  
  vari-tool-1      ++++  
  vari-tool-2      ++++  
  vari-tool-3      ++++  
  vari-tool-4      ++++  
  vari-tool-5      ++++  
  vari-tool-6      ++++  
  vari-atta-1      ++++  
  vari-atta-2      ++++  
  vari-atta-3      +x++  trap=['small', 'structural-CNV']
  vari-atta-4      ++++  
  vari-atta-5      ++++  
  vari-atta-6      ++++  
  vari-doma-1      ++++  
  vari-doma-2      ++++  
  vari-doma-3      ++++  
  vari-doma-4      ++++  
  vari-doma-5      ++++  
  vari-doma-6      ++++  
  regi-nega-1      ++++  
  regi-nega-2      ++++  
  regi-nega-3      ++++  
  regi-nega-4      ++++  
  regi-nega-5      ++++  
  regi-nega-6      ++++  
  regi-word-1      ++++  
  regi-word-2      ++++  
  regi-word-3      ++++  
  regi-word-4      ++++  
  regi-word-5      ++++  
  regi-word-6      ++++  
  regi-tool-1      ++++  
  regi-tool-2      ++++  
  regi-tool-3      ++++  
  regi-tool-4      ++++  
  regi-tool-5      ++++  
  regi-tool-6      ++++  
  regi-atta-1      ++++  
  regi-atta-2      ++++  
  regi-atta-3      ++++  
  regi-atta-4      ++++  
  regi-atta-5      ++++  
  regi-atta-6      ++++  
  regi-doma-1      ++++  
  regi-doma-2      ++++  
  regi-doma-3      ++++  
  regi-doma-4      ++++  
  regi-doma-5      +x++  trap=['coding', 'regulatory-noncoding']
  regi-doma-6      ++++  
  anal-nega-1      ++++  
  anal-nega-2      ++++  
  anal-nega-3      ++++  
  anal-nega-4      ++++  
  anal-nega-5      ++++  
  anal-nega-6      ++++  
  anal-word-1      +x++  trap=['clinical-interpretation', 'basic-consequence']
  anal-word-2      +++x  absent=['basic-consequence']
  anal-word-3      ++++  
  anal-word-4      ++++  
  anal-word-5      ++++  
  anal-word-6      ++++  
  anal-tool-1      ++++  
  anal-tool-2      ++++  
  anal-tool-3      ++++  
  anal-tool-4      ++++  
  anal-tool-5      ++++  
  anal-tool-6      ++++  
  anal-atta-1      ++++  
  anal-atta-2      ++++  
  anal-atta-3      ++++  
  anal-atta-4      ++++  
  anal-atta-5      ++++  
  anal-atta-6      ++++  
  anal-doma-1      ++++  
  anal-doma-2      ++++  
  anal-doma-3      ++++  
  anal-doma-4      +x++  trap=['clinical-interpretation', 'population-frequency']
  anal-doma-5      +x++  trap=['clinical-interpretation', 'population-frequency']
  anal-doma-6      ++++  

  single-user latency, 40 sequential calls: median 0.961 s, mean 0.96 s, max 1.025 s, median tokens 95

=== factors, 150 tricky cases: 150 cases x 4, gemma4:26b, style natural, reader reasoning_off, seeds [42] ===
  test types: plain = MFT: the fact stated plainly; trap = INV: a misleading cue word; the answer must not move; twin = DIR: the same clause with the trick removed; the answer must flip; absent = the fact removed; the answer must be unstated

  arm            plain      trap      twin    absent  trap+twin  all four
  model        148/150   136/150   144/150   146/150    131/150   125/150
  rule         142/150    66/150    97/150   112/150     40/150    27/150
  majority      70/150    70/150    70/150     0/150      0/150     0/150
  (rule = keyword rules; for species this is infer_species, the shipped path until 2026-09-16)

  model, by factor (of 30 each)
                          plain     trap     twin   absent  all four
  species                 28/30    23/30    24/30    30/30    16/30
  origin                  30/30    29/30    30/30    27/30    26/30
  variant_size_class      30/30    28/30    30/30    30/30    28/30
  region_focus            30/30    29/30    30/30    30/30    29/30
  analysis_goal           30/30    27/30    30/30    29/30    26/30

  model, all four right, by factor x trick (of 6)
                          negation  word_sense   tool_name  attachment      domain
  species                      5/6         2/6         3/6         5/6         1/6
  origin                       6/6         4/6         6/6         6/6         4/6
  variant_size_class           6/6         5/6         6/6         5/6         6/6
  region_focus                 6/6         6/6         6/6         6/6         5/6
  analysis_goal                6/6         4/6         6/6         6/6         4/6

  multi-select misses: absent: said something where unstated 1; trap: listed extra values (truth included) 6
  background factors all read correctly: 592/600 queries

  per-call time UNDER PARALLEL LOAD (workers=8): median 4.203 s, mean 4.12 s, p90 4.533 s, max 6.594 s, total 2472.2 s
  output tokens: median 95, p90 98, max 105
  unparseable answers: 0; hit the 4096-token cap: 0

  failures (26):
    spec-nega-1      twin   truth non-human                    read human
      Our lab just got back constitutional single-nucleotide changes, and I only care about the non-coding regulatory ones. A mouse study: the samples are from laboratory mice. All I really want is to know what each one hits.
    spec-word-1      twin   truth non-human                    read unstated
      Hi, we called inherited single-nucleotide changes, and they're mostly in promoters and enhancers. Are any of these likely to be disease-causing? I've been going through these rabbit exomes from the colony.
    spec-word-3      twin   truth non-human                    read unstated
      Basically we have somatic single-nucleotide changes, mostly in regulatory regions. Getting these cat and mouse samples was a chase. I need to work out if any of them are pathogenic.
    spec-word-4      trap   truth non-human                    read human
      I'm working with germline SNVs and small indels, and they're mostly in coding exons. I just need the basic consequences, nothing fancy. We need human-readable output for these zebrafish variants.
    spec-word-5      trap   truth non-human                    read human
      Human error aside, these calls are from the cattle herd. Basically we have germline SNVs and small indels, and I only care about the non-coding regulatory ones. The goal is clinical interpretation.
    spec-tool-3      twin   truth non-human                    read unstated
      So I've got tumour-derived somatic single-nucleotide changes, mostly in regulatory regions. Can you just tell me the consequence types? All data are from the pandas at the zoo.
    spec-tool-5      trap   truth non-human                    read human
      Basically we have acquired somatic point mutations and a few short indels, and they're mostly in promoters and enhancers. Cross-checked against the Human Protein Atlas; the tissue is from pigs. All I really want is to know what each one hits.
    spec-tool-6      plain  truth non-human                    read human
      Basically we have germline single-nucleotide changes, and I only care about the ones in coding sequence. These are pig samples. I need to work out if any of them are pathogenic.
    spec-atta-4      trap   truth non-human                    read human
      I'm trying to annotate constitutional single-nucleotide changes, and they're mostly in coding exons. The grant is for human health, but the sequencing is on sheep. I just need the basic consequences, nothing fancy.
    spec-doma-1      twin   truth non-human                    read human
      We have germline SNVs and small indels, and they're mostly in promoters and enhancers. Cells from the mouse host; the reads were filtered to the host genome. The goal is clinical interpretation.
    spec-doma-2      trap   truth human                        read unstated
      We have acquired somatic single-nucleotide changes, and they're mostly in coding exons. Can you just tell me the consequence types? iPSCs from volunteer skin biopsies grown on mouse feeder cells, feeder reads removed.
    spec-doma-2      twin   truth non-human                    read unstated
      We have acquired somatic single-nucleotide changes, and they're mostly in coding exons. Can you just tell me the consequence types? The mouse feeder cells themselves, iPSC reads removed.
    spec-doma-4      plain  truth non-human                    read human
      We have inherited point mutations and a few short indels, and I only care about the non-coding regulatory ones. It's all dog data. All I really want is to know what each one hits.
    spec-doma-5      trap   truth non-human                    read human
      Our lab just got back constitutional single-nucleotide changes, and I only care about the ones in coding sequence. Genomes from man's best friend: our kennel of Labradors. I just need the basic consequences, nothing fancy.
    spec-doma-6      trap   truth non-human                    read unstated
      I'm trying to annotate tumour-derived somatic point mutations and a few short indels, mostly in regulatory regions. Transgenic mice carrying a human transgene; we sequenced the mice. Are any of these likely to be disease-causing?
    orig-word-3      absent truth unstated                     read germline
      Our lab just got back copy-number changes and other large SVs from human donors, and I only care about the non-coding regulatory ones. I want to see how common they are across populations.
    orig-word-6      absent truth unstated                     read germline
      Our lab just got back CNVs and some big deletions from human donors, and I only care about the non-coding regulatory ones. Are any of these likely to be disease-causing?
    orig-doma-3      absent truth unstated                     read germline
      Our lab just got back copy-number changes and other large SVs from human donors, and I only care about the non-coding regulatory ones. Are any of these likely to be disease-causing?
    orig-doma-6      trap   truth germline                     read somatic
      I'm trying to annotate copy-number changes and other large SVs from Homo sapiens samples, and I only care about the ones in coding sequence. Variants shared by identical twins, one of whom later developed a tumour. Are any of these likely to be disease-causing?
    vari-word-1      trap   truth ['small']                    read ['small', 'structural-CNV']
      SNVs with a possible structural effect on the protein. I've got a VCF of tumour-derived somatic variants from human samples, and I only care about the non-coding regulatory ones. The goal is clinical interpretation.
    vari-atta-3      trap   truth ['small']                    read ['small', 'structural-CNV']
      Hi, we called inherited calls from Homo sapiens samples, and they're mostly in promoters and enhancers. The reference paper was about CNVs; we are following up with SNV calls. The goal is clinical interpretation.
    regi-doma-5      trap   truth ['regulatory-noncoding']     read ['coding', 'regulatory-noncoding']
      Deep intronic variants within a protein-coding gene's locus. So I've got constitutional copy-number changes and other large SVs from human donors. All I really want is to know what each one hits.
    anal-word-1      trap   truth ['basic-consequence']        read ['clinical-interpretation', 'basic-consequence']
      Run it with clinical precision please, just the consequence types. We have acquired somatic point mutations and a few short indels from our chicken samples, mostly in regulatory regions.
    anal-word-2      absent truth []                           read ['basic-consequence']
      I'm trying to annotate inherited single-nucleotide changes from Homo sapiens samples, and I only care about the ones in coding sequence.
    anal-doma-4      trap   truth ['clinical-interpretation']  read ['clinical-interpretation', 'population-frequency']
      The variant is common in one ancestry; is it benign or pathogenic in our case? I'm working with inherited structural variants from human samples, and they're mostly in promoters and enhancers.
    anal-doma-5      trap   truth ['population-frequency']     read ['clinical-interpretation', 'population-frequency']
      Hi, we called germline point mutations and a few short indels from human samples, and they're mostly in promoters and enhancers. Carrier frequency of a recessive disease allele across populations.

  wrote /Users/david/Desktop/GSoC_WORK_reorg/evidence/current_evidence/results/factors_150_tricky_cases_reasoning_off.json
