150 cases x 4 test types = 600 queries -> work/results/factor_grid_cases_natural.csv
full tuples covered (trap+twin): 32 of 32 valid; uses per tuple min 9 max 11
  ... 40/80 calls
  ... 80/80 calls
  spec-nega-1      ++++  
  spec-nega-2      ++++  
  spec-nega-3      ++++  
  spec-nega-4      ++++  
  spec-nega-5      ++++  
  spec-nega-6      ++++  
  spec-word-1      ++++  
  spec-word-2      ++++  
  spec-word-3      ++++  
  spec-word-4      ++++  
  spec-word-5      ++++  
  spec-word-6      ++++  
  spec-tool-1      ++++  
  spec-tool-2      ++++  
  spec-tool-3      ++++  
  spec-tool-4      ++++  
  spec-tool-5      ++++  
  spec-tool-6      ++++  
  spec-atta-1      ++++  
  spec-atta-2      ++++  

=== factor grid: 20 cases x 4, gemma4:26b, style natural, reader think, seeds [42] ===
  test types: plain = MFT: the fact stated plainly; trap = INV: a misleading cue word; the answer must not move; twin = DIR: the same clause with the trick removed; the answer must flip; absent = the fact removed; the answer must be unstated

  arm            plain      trap      twin    absent  trap+twin  all four
  model         20/20    20/20    20/20    20/20     20/20    20/20
  rule          20/20    11/20    15/20     0/20      6/20     0/20
  majority      11/20    11/20     9/20     0/20      0/20     0/20
  (rule = keyword rules; for species this is the shipped path, since the hint is off and infer_species decides species)

  model, by factor (of 30 each)
                          plain     trap     twin   absent  all four
  species                 20/20    20/20    20/20    20/20    20/20
  origin                   0/0     0/0     0/0     0/0     0/0
  variant_size_class       0/0     0/0     0/0     0/0     0/0
  region_focus             0/0     0/0     0/0     0/0     0/0
  analysis_goal            0/0     0/0     0/0     0/0     0/0

  model, all four right, by factor x trick (of 6)
                          negation  word_sense   tool_name  attachment      domain
  species                      6/6         6/6         6/6         2/2         0/0
  origin                       0/0         0/0         0/0         0/0         0/0
  variant_size_class           0/0         0/0         0/0         0/0         0/0
  region_focus                 0/0         0/0         0/0         0/0         0/0
  analysis_goal                0/0         0/0         0/0         0/0         0/0
  background factors all read correctly: 80/80 queries

  per-call time: median 4.283 s, mean 4.43 s, p90 5.152 s, max 9.186 s, total 354.5 s
  output tokens: median 524, p90 611, max 1056
  unparseable answers: 0; hit the 4096-token cap: 0

  wrote work/results/factor_grid_think_seq20.json
