150 cases x 4 test types = 600 queries -> work/results/factor_grid_cases_natural.csv
full tuples covered (trap+twin): 32 of 32 valid; uses per tuple min 9 max 11
  ... 40/600 calls
  ... 80/600 calls
  ... 120/600 calls
  ... 160/600 calls
  ... 200/600 calls
  ... 240/600 calls
  ... 280/600 calls
  ... 320/600 calls
  ... 360/600 calls
  ... 400/600 calls
  ... 440/600 calls
  ... 480/600 calls
  ... 520/600 calls
  ... 560/600 calls
  ... 600/600 calls
  spec-nega-1      ++++  
  spec-nega-2      ++++  
  spec-nega-3      ++++  
  spec-nega-4      ++++  
  spec-nega-5      ++++  
  spec-nega-6      ++++  
  spec-word-1      ++++  
  spec-word-2      ++++  
  spec-word-3      ++++  
  spec-word-4      ++++  
  spec-word-5      ++++  
  spec-word-6      ++++  
  spec-tool-1      ++++  
  spec-tool-2      ++++  
  spec-tool-3      ++++  
  spec-tool-4      ++++  
  spec-tool-5      ++++  
  spec-tool-6      ++++  
  spec-atta-1      ++++  
  spec-atta-2      ++++  
  spec-atta-3      ++++  
  spec-atta-4      ++++  
  spec-atta-5      ++++  
  spec-atta-6      ++++  
  spec-doma-1      ++++  
  spec-doma-2      ++++  
  spec-doma-3      ++++  
  spec-doma-4      ++++  
  spec-doma-5      ++++  
  spec-doma-6      ++++  
  orig-nega-1      ++++  
  orig-nega-2      ++++  
  orig-nega-3      ++++  
  orig-nega-4      ++++  
  orig-nega-5      ++++  
  orig-nega-6      ++++  
  orig-word-1      ++++  
  orig-word-2      ++++  
  orig-word-3      ++++  
  orig-word-4      ++++  
  orig-word-5      ++++  
  orig-word-6      ++++  
  orig-tool-1      ++++  
  orig-tool-2      ++++  
  orig-tool-3      ++++  
  orig-tool-4      ++++  
  orig-tool-5      ++++  
  orig-tool-6      ++++  
  orig-atta-1      ++++  
  orig-atta-2      ++++  
  orig-atta-3      ++++  
  orig-atta-4      ++++  
  orig-atta-5      ++++  
  orig-atta-6      ++++  
  orig-doma-1      ++++  
  orig-doma-2      ++++  
  orig-doma-3      ++++  
  orig-doma-4      ++++  
  orig-doma-5      ++++  
  orig-doma-6      ++++  
  vari-nega-1      ++++  
  vari-nega-2      ++++  
  vari-nega-3      ++++  
  vari-nega-4      ++++  
  vari-nega-5      ++++  
  vari-nega-6      ++++  
  vari-word-1      ++++  
  vari-word-2      ++++  
  vari-word-3      ++++  
  vari-word-4      ++++  
  vari-word-5      ++++  
  vari-word-6      ++++  
  vari-tool-1      ++++  
  vari-tool-2      ++++  
  vari-tool-3      ++++  
  vari-tool-4      ++++  
  vari-tool-5      ++++  
  vari-tool-6      ++++  
  vari-atta-1      ++++  
  vari-atta-2      ++++  
  vari-atta-3      ++++  
  vari-atta-4      ++++  
  vari-atta-5      ++++  
  vari-atta-6      ++++  
  vari-doma-1      ++++  
  vari-doma-2      ++++  
  vari-doma-3      ++++  
  vari-doma-4      ++++  
  vari-doma-5      ++++  
  vari-doma-6      ++++  
  regi-nega-1      ++++  
  regi-nega-2      ++++  
  regi-nega-3      ++++  
  regi-nega-4      ++++  
  regi-nega-5      ++++  
  regi-nega-6      ++++  
  regi-word-1      ++++  
  regi-word-2      ++++  
  regi-word-3      ++++  
  regi-word-4      ++++  
  regi-word-5      ++++  
  regi-word-6      ++++  
  regi-tool-1      ++++  
  regi-tool-2      ++++  
  regi-tool-3      ++++  
  regi-tool-4      ++++  
  regi-tool-5      ++++  
  regi-tool-6      ++++  
  regi-atta-1      ++++  
  regi-atta-2      ++++  
  regi-atta-3      ++++  
  regi-atta-4      ++++  
  regi-atta-5      ++++  
  regi-atta-6      ++++  
  regi-doma-1      ++++  
  regi-doma-2      ++++  
  regi-doma-3      ++++  
  regi-doma-4      ++++  
  regi-doma-5      ++++  
  regi-doma-6      ++++  
  anal-nega-1      ++++  
  anal-nega-2      ++++  
  anal-nega-3      ++++  
  anal-nega-4      ++++  
  anal-nega-5      ++++  
  anal-nega-6      ++++  
  anal-word-1      +x++  trap=['clinical-interpretation']
  anal-word-2      ++++  
  anal-word-3      ++++  
  anal-word-4      ++++  
  anal-word-5      ++++  
  anal-word-6      ++++  
  anal-tool-1      ++++  
  anal-tool-2      ++++  
  anal-tool-3      ++++  
  anal-tool-4      ++++  
  anal-tool-5      ++++  
  anal-tool-6      ++++  
  anal-atta-1      ++++  
  anal-atta-2      ++++  
  anal-atta-3      ++++  
  anal-atta-4      ++++  
  anal-atta-5      ++++  
  anal-atta-6      ++++  
  anal-doma-1      ++++  
  anal-doma-2      ++++  
  anal-doma-3      ++++  
  anal-doma-4      +x++  trap=['clinical-interpretation', 'population-frequency']
  anal-doma-5      ++++  
  anal-doma-6      ++++  

  single-user latency, 40 sequential calls: median 4.005 s, mean 4.21 s, max 7.821 s, median tokens 528

=== factor grid: 150 cases x 4, gemma4:26b, style natural, reader think, seeds [42] ===
  test types: plain = MFT: the fact stated plainly; trap = INV: a misleading cue word; the answer must not move; twin = DIR: the same clause with the trick removed; the answer must flip; absent = the fact removed; the answer must be unstated

  arm            plain      trap      twin    absent  trap+twin  all four
  model        150/150   148/150   150/150   150/150    148/150   148/150
  rule         142/150    66/150    97/150   112/150     40/150    27/150
  majority      70/150    70/150    70/150     0/150      0/150     0/150
  (rule = keyword rules; for species this is the shipped path, since the hint is off and infer_species decides species)

  model, by factor (of 30 each)
                          plain     trap     twin   absent  all four
  species                 30/30    30/30    30/30    30/30    30/30
  origin                  30/30    30/30    30/30    30/30    30/30
  variant_size_class      30/30    30/30    30/30    30/30    30/30
  region_focus            30/30    30/30    30/30    30/30    30/30
  analysis_goal           30/30    28/30    30/30    30/30    28/30

  model, all four right, by factor x trick (of 6)
                          negation  word_sense   tool_name  attachment      domain
  species                      6/6         6/6         6/6         6/6         6/6
  origin                       6/6         6/6         6/6         6/6         6/6
  variant_size_class           6/6         6/6         6/6         6/6         6/6
  region_focus                 6/6         6/6         6/6         6/6         6/6
  analysis_goal                6/6         5/6         6/6         6/6         5/6

  multi-select misses: trap: listed extra values (truth included) 1; trap: wrong value 1
  background factors all read correctly: 600/600 queries

  per-call time UNDER PARALLEL LOAD (workers=8): median 16.438 s, mean 19.13 s, p90 27.628 s, max 73.831 s, total 11475.9 s
  output tokens: median 533, p90 861, max 2997
  unparseable answers: 0; hit the 4096-token cap: 0

  failures (2):
    anal-word-1      trap   truth ['basic-consequence']        read ['clinical-interpretation']
      Run it with clinical precision please, just the consequence types. We have acquired somatic point mutations and a few short indels from our chicken samples, mostly in regulatory regions.
    anal-doma-4      trap   truth ['clinical-interpretation']  read ['clinical-interpretation', 'population-frequency']
      The variant is common in one ancestry; is it benign or pathogenic in our case? I'm working with inherited structural variants from human samples, and they're mostly in promoters and enhancers.

  wrote /Users/david/Desktop/GSoC_WORK/work/results/factor_grid_natural_think_v2prompt.json
